[blog.reactiveconf.com/open-call-for-reactiveconf-lightning-talks-2017-a4f5394e5f96.html]
[backblue.gif]
[fade.gif]
[index.html]
[blog.reactiveconf.com/android-app_/com.medium.reader/https/medium.com/p/a4f5394e5f96]
[blog.reactiveconf.com/open-call-for-reactiveconf-lightning-talks-2017-a4f5394e5f96.html]
[blog.reactiveconf.com/@ReactiveConf.html]
[blog.reactiveconf.com/@ReactiveConf.html]
[blog.reactiveconf.com/index110e.html]
[blog.reactiveconf.com/index.html]
[blog.reactiveconf.com/archive.html]
[blog.reactiveconf.com/tagged/vacuumlabs.html]
[blog.reactiveconf.com/@ReactiveConfc66a.html]
[gist.github.com/kakadiadarpan/63656fb12a05f371cc536af04b9ce211.html]
[gist.github.com/kamleshchandnani/9b3013b4c10c46e968ce1252f801dfb1.html]
[github.com/ByteArena/reactive-conf-talk-2017.html]
[gist.github.com/LucasCaixeta/c930c102b09143730a479f37229898d2.html]
[gist.github.com/siddharthkp/6bc02232ed2e244002fa620aa5a5a124.html]
[gist.github.com/edtsech/31cb444b7271cc757a04f0fe25843405.html]
[github.com/toptal/testshot.html]
[gist.github.com/halfzebra/f89d2e39cae8a1340f2b164eeb0be9ab.html]
[gist.github.com/okonet/5a1e01febba8c6d5ed322eb83467923f.html]
[github.com/halfzebra/create-elm-app.html]
[gist.github.com/aksonov/e2d7454421e44b1c4c72214d14053410.html]
[github.com/okonet/lint-staged.html]
[gist.github.com/frostney/f1265ac5bb918cce5ce48bdc5af09524.html]
[gist.github.com/solilokiam/ceb78b1c6005a0d614606459009d5e65.html]
[gist.github.com/andywer/115b7e76b6fc8d3ce00ce19d0c6280a3.html]
[gist.github.com/myrho/8a7bbff836ee4d99cfb533db0b6906c9.html]
[gist.github.com/A-gambit/466c611c28950d32f2e72a4020ba02a5.html]
[github.com/grammarly/focal.html]
[blog.reactiveconf.com/tagged/conferenceecd3.html]
[blog.reactiveconf.com/tagged/programmingecd3.html]
[blog.reactiveconf.com/osd.xml]
[blog.reactiveconf.com/tagged/reactecd3.html]
[blog.reactiveconf.com/android-app_/com.medium.reader/https/medium.com/p/a4f5394e5f96.html]
[blog.reactiveconf.com/index53ee.html]
[blog.reactiveconf.com/index110e.html]
[blog.reactiveconf.com/index.html]
[blog.reactiveconf.com/archive.html]
[blog.reactiveconf.com/tagged/vacuumlabs.html]
[blog.reactiveconf.com/search.html]
[blog.reactiveconf.com/search.html]
[blog.reactiveconf.com/@ReactiveConfc66a.html]
[gist.github.com/index.html]
[blog.reactiveconf.com/@ReactiveConf53ee.html]
[blog.reactiveconf.com/media/958caa54d74c46cdb29266c837dc95b67864.html]
[gist.github.com/kakadiadarpan/63656fb12a05f371cc536af04b9ce211.html]
[gist.github.com/kamleshchandnani/9b3013b4c10c46e968ce1252f801dfb1.html]
[github.com/ByteArena/reactive-conf-talk-2017.html]
[gist.github.com/LucasCaixeta/c930c102b09143730a479f37229898d2.html]
[gist.github.com/siddharthkp/6bc02232ed2e244002fa620aa5a5a124.html]
[gist.github.com/edtsech/31cb444b7271cc757a04f0fe25843405.html]
[github.com/toptal/testshot.html]
[gist.github.com/halfzebra/f89d2e39cae8a1340f2b164eeb0be9ab.html]
[github.com/halfzebra/create-elm-app.html]
[gist.github.com/okonet/5a1e01febba8c6d5ed322eb83467923f.html]
[github.com/okonet/lint-staged.html]
[gist.github.com/aksonov/e2d7454421e44b1c4c72214d14053410.html]
[gist.github.com/frostney/f1265ac5bb918cce5ce48bdc5af09524.html]
[gist.github.com/solilokiam/ceb78b1c6005a0d614606459009d5e65.html]
[gist.github.com/andywer/115b7e76b6fc8d3ce00ce19d0c6280a3.html]
[gist.github.com/myrho/8a7bbff836ee4d99cfb533db0b6906c9.html]
[gist.github.com/A-gambit/466c611c28950d32f2e72a4020ba02a5.html]
[github.com/grammarly/focal.html]
[blog.reactiveconf.com/media/958caa54d74c46cdb29266c837dc95b67864.html]
[blog.reactiveconf.com/tagged/conferenceecd3.html]
[blog.reactiveconf.com/tagged/programmingecd3.html]
[blog.reactiveconf.com/tagged/reactecd3.html]
[blog.reactiveconf.com/@ReactiveConf53ee.html]
[blog.reactiveconf.com/index53ee.html]
